../STM32_WPAN/App/custom_app.c:90:13:myTimerCallback	8	static
../STM32_WPAN/App/custom_app.c:96:6:myTask	16	static
../STM32_WPAN/App/custom_app.c:113:6:Custom_STM_App_Notification	16	static
../STM32_WPAN/App/custom_app.c:173:6:Custom_APP_Notification	16	static
../STM32_WPAN/App/custom_app.c:210:6:Custom_APP_Init	8	static
../STM32_WPAN/App/custom_app.c:234:13:Custom_Mycharnotify_Update_Char	16	static
../STM32_WPAN/App/custom_app.c:253:6:Custom_Mycharnotify_Send_Notification	16	static
../STM32_WPAN/App/custom_app.c:273:13:Custom_Mybutton_Update_Char	16	static
../STM32_WPAN/App/custom_app.c:292:6:Custom_Mybutton_Send_Notification	16	static
